[    7554ms] Error: Module [project]/node_modules/next/node_modules/@swc/helpers/cjs/_type_of.cjs [app-client] (ecmascript) was instantiated because it was required from module [project]/node_modules/next/dist/build/polyfills/process.js [app-client] (ecmascript), but the module factory is not available.
This is often caused by a stale browser cache, misconfigured Cache-Control headers, or a service worker serving outdated responses.
To fix this, make sure your Cache-Control headers allow revalidation of chunks and review your service worker configuration. As an immediate workaround, try hard-reloading the page, clearing the browser cache, or unregistering any service workers.
    at instantiateModuleShared (http://localhost:3001/_next/static/chunks/turbopack-_06cul1x._.js:2268:15)
    at instantiateModule (http://localhost:3001/_next/static/chunks/turbopack-_06cul1x._.js:2903:12)
    at getOrInstantiateModuleFromParent (http://localhost:3001/_next/static/chunks/turbopack-_06cul1x._.js:2886:12)
    at DevContext.commonJsRequire [as r] (http://localhost:3001/_next/static/chunks/turbopack-_06cul1x._.js:522:12)
    at module evaluation (http://localhost:3001/_next/static/chunks/node_modules_next_dist_0nzbwyu._.js:6:38)
    at http://localhost:3001/_next/static/chunks/turbopack-_06cul1x._.js:2303:27
    at runModuleExecutionHooks (http://localhost:3001/_next/static/chunks/turbopack-_06cul1x._.js:2933:9)
    at instantiateModuleShared (http://localhost:3001/_next/static/chunks/turbopack-_06cul1x._.js:2301:9)
    at instantiateModule (http://localhost:3001/_next/static/chunks/turbopack-_06cul1x._.js:2903:12)
    at getOrInstantiateModuleFromParent (http://localhost:3001/_next/static/chunks/turbopack-_06cul1x._.js:2886:12)
[   17090ms] [LOG] [Client Instrumentation Hook] Slow execution detected: 26ms (Note: Code download overhead is not included in this measurement) @ http://localhost:3000/_next/static/chunks/node_modules_%40sentry_core_build_esm_0_~40~3._.js:10515
[   17106ms] [INFO] %cDownload the React DevTools for a better development experience: https://react.dev/link/react-devtools font-weight:bold @ http://localhost:3000/_next/static/chunks/node_modules_%40sentry_core_build_esm_0_~40~3._.js:10515
[   17167ms] [LOG] [HMR] connected @ http://localhost:3000/_next/static/chunks/node_modules_%40sentry_core_build_esm_0_~40~3._.js:10515
[   17252ms] [ERROR] A tree hydrated but some attributes of the server rendered HTML didn't match the client properties. This won't be patched up. This can happen if a SSR-ed Client Component used:

- A server/client branch `if (typeof window !== 'undefined')`.
- Variable input such as `Date.now()` or `Math.random()` which changes each time it's called.
- Date formatting in a user's locale which doesn't match the server.
- External changing data without sending a snapshot of it along with the HTML.
- Invalid HTML tag nesting.

It can also happen if the client has a browser extension installed which messes with the HTML before React loaded.

%s%s https://react.dev/link/hydration-mismatch 

  ...
    <MotionWrapper>
      <IconStyle>
      <PropWarning>
      <App>
        <div className="css-dev-on..." style={{}}>
          <Notifications>
          <Notifications>
          <SiteHeader>
            <header className="site-nav s...">
              <div className="max-w-[120...">
                <LinkComponent>
                <nav>
                <div className="hidden lg:...">
                  <LinkComponent>
                  <span>
                  <LinkButton href="/certifica..." type="primary" size="small" icon={<ArrowRightOutlined>} ...>
                    <Button onClick={function onClick} className="font-semibold" type="primary" size="small" ...>
                      <Wave component="Button" disabled={false}>
                        <button
                          onClick={function InternalCompoundedButton.useCallback[handleClick]}
                          type="button"
+                         className="ant-btn css-dev-only-do-not-override-ch9ese css-var-_R_elb_ ant-btn-primary ant-b..."
-                         className="ant-btn css-dev-only-do-not-override-ch9ese css-var-_R_elb_ ant-btn-primary ant-b..."
                          style={{}}
                          disabled={false}
                          ref={function}
                        >
                ...
            ...
          ...
 @ http://localhost:3000/_next/static/chunks/node_modules_%40sentry_core_build_esm_0_~40~3._.js:10515
[   17307ms] [ERROR] Warning: [antd: Button] `iconPosition` is deprecated. Please use `iconPlacement` instead. @ http://localhost:3000/_next/static/chunks/node_modules_%40sentry_core_build_esm_0_~40~3._.js:10515
[   17323ms] [ERROR] A tree hydrated but some attributes of the server rendered HTML didn't match the client properties. This won't be patched up. This can happen if a SSR-ed Client Component used:

- A server/client branch `if (typeof window !== 'undefined')`.
- Variable input such as `Date.now()` or `Math.random()` which changes each time it's called.
- Date formatting in a user's locale which doesn't match the server.
- External changing data without sending a snapshot of it along with the HTML.
- Invalid HTML tag nesting.

It can also happen if the client has a browser extension installed which messes with the HTML before React loaded.

%s%s https://react.dev/link/hydration-mismatch 

  ...
    <RedirectErrorBoundary router={{...}}>
      <InnerLayoutRouter url="/" tree={[...]} params={{}} cacheNode={{rsc:{...}, ...}} segmentPath={[...]} ...>
        <SegmentViewNode type="page" pagePath="page.tsx">
          <SegmentTrieNode>
          <Home>
            <div className="min-h-scre...">
              <script>
              <script>
              <HeroSplitStats>
                <section className="bg-primary...">
                  <div>
                  <div className="max-w-[112...">
                    <div className="grid grid-...">
                      <div>
                        <span>
                        <h1>
                        <p>
                        <div className="flex flex-...">
                          <LinkButton href="/certifica..." type="primary" size="large" variant="gold" ...>
                            <Button onClick={function onClick} className="linkbutton..." type="primary" size="large" ...>
                              <Wave component="Button" disabled={false}>
                                <button
                                  onClick={function InternalCompoundedButton.useCallback[handleClick]}
                                  type="button"
+                                 className="ant-btn css-dev-only-do-not-override-ch9ese css-var-_R_elb_ ant-btn-prima..."
-                                 className="ant-btn css-dev-only-do-not-override-ch9ese css-var-_R_elb_ ant-btn-prima..."
                                  style={{
+                                   height: 44
+                                   paddingInline: 20
+                                   fontSize: 16
                                  }}
                                  disabled={false}
                                  ref={function}
                                >
                          <LinkButton href="/research/..." size="large" variant="on-forest-..." style={{height:44, ...}}>
                            <Button onClick={function onClick} className="linkbutton..." size="large" ...>
                              <Wave component="Button" disabled={false}>
                                <button
                                  onClick={function InternalCompoundedButton.useCallback[handleClick]}
                                  type="button"
+                                 className="ant-btn css-dev-only-do-not-override-ch9ese css-var-_R_elb_ ant-btn-defau..."
-                                 className="ant-btn css-dev-only-do-not-override-ch9ese css-var-_R_elb_ ant-btn-defau..."
                                  style={{
+                                   height: 44
+                                   paddingInline: 20
+                                   fontSize: 16
                                  }}
                                  disabled={false}
                                  ref={function}
                                >
                      ...
              <section>
              <section>
              <section>
              <OutcomeStatsSection>
              <section>
              <EnrollPanel>
                <section className="bg-primary...">
                  <div className="max-w-[112...">
                    <div className="grid grid-...">
                      <div>
                      <div>
                        <span>
                        <span>
                        <div className="mt-5 lg:ma...">
                          <LinkButton href="/certifica..." type="primary" size="large" variant="gold" block={true} ...>
                            <Button onClick={function onClick} className="linkbutton..." type="primary" size="large" ...>
                              <Wave component="Button" disabled={false}>
                                <button
                                  onClick={function InternalCompoundedButton.useCallback[handleClick]}
                                  type="button"
+                                 className="ant-btn css-dev-only-do-not-override-ch9ese css-var-_R_elb_ ant-btn-prima..."
-                                 className="ant-btn css-dev-only-do-not-override-ch9ese css-var-_R_elb_ ant-btn-prima..."
+                                 style={{height:48,fontSize:16}}
-                                 style={{}}
                                  disabled={false}
                                  ref={function}
                                >
                        ...
        ...
      ...
 @ http://localhost:3000/_next/static/chunks/node_modules_%40sentry_core_build_esm_0_~40~3._.js:10515
[   17384ms] [LOG] %c[Vercel Web Analytics]%c Debug mode is enabled by default in development. No requests will be sent to the server. color: rgb(120, 120, 120) color: inherit @ http://localhost:3000/_next/static/chunks/node_modules_%40sentry_core_build_esm_0_~40~3._.js:10515
[   17384ms] [LOG] %c[Vercel Web Analytics]%c [view] http://localhost:3000/ color: rgb(120, 120, 120) color: inherit {o: http://localhost:3000/, sv: 0.1.3, sdkn: @vercel/analytics/react, sdkv: 2.0.1, ts: 1777526545446} /_vercel/insights/view @ http://localhost:3000/_next/static/chunks/node_modules_%40sentry_core_build_esm_0_~40~3._.js:10515
[   17385ms] [LOG] %c[Vercel Speed Insights]%c Debug mode is enabled by default in development. No requests will be sent to the server. color: rgb(120, 120, 120) color: inherit @ http://localhost:3000/_next/static/chunks/node_modules_%40sentry_core_build_esm_0_~40~3._.js:10515
[   17556ms] [ERROR] Loading the script 'https://scripts.clarity.ms/0.8.59/clarity.js' violates the following Content Security Policy directive: "script-src 'self' 'unsafe-inline' 'unsafe-eval' https://js.stripe.com https://www.googletagmanager.com https://www.google-analytics.com https://va.vercel-scripts.com https://www.clarity.ms". Note that 'script-src-elem' was not explicitly set, so 'script-src' is used as a fallback. The action has been blocked. @ https://www.clarity.ms/tag/whmr47sylp?ref=npm:0
[  272301ms] [LOG] [Fast Refresh] rebuilding @ http://localhost:3000/_next/static/chunks/node_modules_%40sentry_core_build_esm_0_~40~3._.js:10515
[  273892ms] [LOG] [Fast Refresh] done in 1368ms @ http://localhost:3000/_next/static/chunks/node_modules_%40sentry_core_build_esm_0_~40~3._.js:10515
[  291040ms] [LOG] [Fast Refresh] rebuilding @ http://localhost:3000/_next/static/chunks/node_modules_%40sentry_core_build_esm_0_~40~3._.js:10515
[  291293ms] [LOG] [Fast Refresh] done in 353ms @ http://localhost:3000/_next/static/chunks/node_modules_%40sentry_core_build_esm_0_~40~3._.js:10515
[  293978ms] [LOG] [Fast Refresh] rebuilding @ http://localhost:3000/_next/static/chunks/node_modules_%40sentry_core_build_esm_0_~40~3._.js:10515
[  294066ms] [LOG] [Fast Refresh] done in 189ms @ http://localhost:3000/_next/static/chunks/node_modules_%40sentry_core_build_esm_0_~40~3._.js:10515
[  307929ms] [LOG] [Fast Refresh] rebuilding @ http://localhost:3000/_next/static/chunks/node_modules_%40sentry_core_build_esm_0_~40~3._.js:10515
[  308086ms] [LOG] [Fast Refresh] done in 262ms @ http://localhost:3000/_next/static/chunks/node_modules_%40sentry_core_build_esm_0_~40~3._.js:10515
[  308746ms] [LOG] [Fast Refresh] rebuilding @ http://localhost:3000/_next/static/chunks/node_modules_%40sentry_core_build_esm_0_~40~3._.js:10515
[  308756ms] [LOG] [Fast Refresh] done in 111ms @ http://localhost:3000/_next/static/chunks/node_modules_%40sentry_core_build_esm_0_~40~3._.js:10515
[  309210ms] [LOG] [Fast Refresh] rebuilding @ http://localhost:3000/_next/static/chunks/node_modules_%40sentry_core_build_esm_0_~40~3._.js:10515
[  309301ms] [LOG] [Fast Refresh] done in 192ms @ http://localhost:3000/_next/static/chunks/node_modules_%40sentry_core_build_esm_0_~40~3._.js:10515
[  356505ms] [LOG] [Fast Refresh] rebuilding @ http://localhost:3000/_next/static/chunks/node_modules_%40sentry_core_build_esm_0_~40~3._.js:10515
[  356814ms] [LOG] [Fast Refresh] done in 318ms @ http://localhost:3000/_next/static/chunks/node_modules_%40sentry_core_build_esm_0_~40~3._.js:10515
[  365048ms] [LOG] [Fast Refresh] rebuilding @ http://localhost:3000/_next/static/chunks/node_modules_%40sentry_core_build_esm_0_~40~3._.js:10515
[  365186ms] [LOG] [Fast Refresh] done in 208ms @ http://localhost:3000/_next/static/chunks/node_modules_%40sentry_core_build_esm_0_~40~3._.js:10515
[  369332ms] [LOG] [Fast Refresh] rebuilding @ http://localhost:3000/_next/static/chunks/node_modules_%40sentry_core_build_esm_0_~40~3._.js:10515
[  369361ms] [LOG] [Fast Refresh] done in 130ms @ http://localhost:3000/_next/static/chunks/node_modules_%40sentry_core_build_esm_0_~40~3._.js:10515
[  373239ms] [LOG] [Fast Refresh] rebuilding @ http://localhost:3000/_next/static/chunks/node_modules_%40sentry_core_build_esm_0_~40~3._.js:10515
[  373314ms] [LOG] [Fast Refresh] done in 177ms @ http://localhost:3000/_next/static/chunks/node_modules_%40sentry_core_build_esm_0_~40~3._.js:10515
[ 1094628ms] [ERROR] WebSocket connection to 'ws://localhost:3000/_next/webpack-hmr?id=3wIpaWk8r2uvSAUjYONk_' failed: Error in connection establishment: net::ERR_CONNECTION_REFUSED @ http://localhost:3000/_next/static/chunks/node_modules_next_dist_client_0.0dnbh._.js:14499
[ 1095630ms] [ERROR] WebSocket connection to 'ws://localhost:3000/_next/webpack-hmr?id=3wIpaWk8r2uvSAUjYONk_' failed: Error in connection establishment: net::ERR_CONNECTION_REFUSED @ http://localhost:3000/_next/static/chunks/node_modules_next_dist_client_0.0dnbh._.js:14499
[ 1096632ms] [ERROR] WebSocket connection to 'ws://localhost:3000/_next/webpack-hmr?id=3wIpaWk8r2uvSAUjYONk_' failed: Error in connection establishment: net::ERR_CONNECTION_REFUSED @ http://localhost:3000/_next/static/chunks/node_modules_next_dist_client_0.0dnbh._.js:14499
[ 1097633ms] [ERROR] WebSocket connection to 'ws://localhost:3000/_next/webpack-hmr?id=3wIpaWk8r2uvSAUjYONk_' failed: Error in connection establishment: net::ERR_CONNECTION_REFUSED @ http://localhost:3000/_next/static/chunks/node_modules_next_dist_client_0.0dnbh._.js:14499
[ 1098637ms] [ERROR] WebSocket connection to 'ws://localhost:3000/_next/webpack-hmr?id=3wIpaWk8r2uvSAUjYONk_' failed: Error in connection establishment: net::ERR_CONNECTION_REFUSED @ http://localhost:3000/_next/static/chunks/node_modules_next_dist_client_0.0dnbh._.js:14499
[ 1107339ms] [LOG] [HMR] connected @ http://localhost:3000/_next/static/chunks/node_modules_%40sentry_core_build_esm_0_~40~3._.js:10515
[ 1117013ms] [LOG] %c[Vercel Speed Insights]%c [vitals] color: rgb(120, 120, 120) color: inherit {speed: 4g, metrics: Array(5), scriptVersion: 0.1.3, sdkName: @vercel/speed-insights/next, sdkVersion: 2.0.0} /_vercel/speed-insights/vitals @ http://localhost:3000/_next/static/chunks/node_modules_%40sentry_core_build_esm_0_~40~3._.js:10515
[ 1117016ms] [LOG] %c[Vercel Speed Insights]%c [vitals] color: rgb(120, 120, 120) color: inherit {speed: 4g, metrics: Array(1), scriptVersion: 0.1.3, sdkName: @vercel/speed-insights/next, sdkVersion: 2.0.0} /_vercel/speed-insights/vitals @ http://localhost:3000/_next/static/chunks/node_modules_%40sentry_core_build_esm_0_~40~3._.js:10515
[ 1117667ms] [INFO] %cDownload the React DevTools for a better development experience: https://react.dev/link/react-devtools font-weight:bold @ http://localhost:3000/_next/static/chunks/node_modules_%40sentry_core_build_esm_0_~40~3._.js:10515
[ 1117837ms] [LOG] [HMR] connected @ http://localhost:3000/_next/static/chunks/node_modules_%40sentry_core_build_esm_0_~40~3._.js:10515
[ 1118011ms] [LOG] %c[Vercel Web Analytics]%c Debug mode is enabled by default in development. No requests will be sent to the server. color: rgb(120, 120, 120) color: inherit @ http://localhost:3000/_next/static/chunks/node_modules_%40sentry_core_build_esm_0_~40~3._.js:10515
[ 1118011ms] [LOG] %c[Vercel Web Analytics]%c [view] http://localhost:3000/ color: rgb(120, 120, 120) color: inherit {o: http://localhost:3000/, sv: 0.1.3, sdkn: @vercel/analytics/react, sdkv: 2.0.1, ts: 1777527646073} /_vercel/insights/view @ http://localhost:3000/_next/static/chunks/node_modules_%40sentry_core_build_esm_0_~40~3._.js:10515
[ 1118022ms] [LOG] [Fast Refresh] rebuilding @ http://localhost:3000/_next/static/chunks/node_modules_%40sentry_core_build_esm_0_~40~3._.js:10515
[ 1118027ms] [ERROR] Warning: [antd: Button] `iconPosition` is deprecated. Please use `iconPlacement` instead. @ http://localhost:3000/_next/static/chunks/node_modules_%40sentry_core_build_esm_0_~40~3._.js:10515
[ 1118038ms] [LOG] %c[Vercel Speed Insights]%c Debug mode is enabled by default in development. No requests will be sent to the server. color: rgb(120, 120, 120) color: inherit @ http://localhost:3000/_next/static/chunks/node_modules_%40sentry_core_build_esm_0_~40~3._.js:10515
[ 1118203ms] [ERROR] Loading the script 'https://scripts.clarity.ms/0.8.59/clarity.js' violates the following Content Security Policy directive: "script-src 'self' 'unsafe-inline' 'unsafe-eval' https://js.stripe.com https://www.googletagmanager.com https://www.google-analytics.com https://va.vercel-scripts.com https://www.clarity.ms". Note that 'script-src-elem' was not explicitly set, so 'script-src' is used as a fallback. The action has been blocked. @ https://www.clarity.ms/tag/whmr47sylp?ref=npm:0
[ 1118613ms] [LOG] [Fast Refresh] done in 707ms @ http://localhost:3000/_next/static/chunks/node_modules_%40sentry_core_build_esm_0_~40~3._.js:10515
[ 1208290ms] [LOG] [Fast Refresh] rebuilding @ http://localhost:3000/_next/static/chunks/node_modules_%40sentry_core_build_esm_0_~40~3._.js:10515
[ 1209300ms] [LOG] [Fast Refresh] done in 1077ms @ http://localhost:3000/_next/static/chunks/node_modules_%40sentry_core_build_esm_0_~40~3._.js:10515
[ 1232030ms] [LOG] [Fast Refresh] rebuilding @ http://localhost:3000/_next/static/chunks/node_modules_%40sentry_core_build_esm_0_~40~3._.js:10515
[ 1232121ms] [LOG] [Fast Refresh] done in 135ms @ http://localhost:3000/_next/static/chunks/node_modules_%40sentry_core_build_esm_0_~40~3._.js:10515
[ 1245811ms] [LOG] [Fast Refresh] rebuilding @ http://localhost:3000/_next/static/chunks/node_modules_%40sentry_core_build_esm_0_~40~3._.js:10515
[ 1246017ms] [LOG] [Fast Refresh] done in 308ms @ http://localhost:3000/_next/static/chunks/node_modules_%40sentry_core_build_esm_0_~40~3._.js:10515
[ 1251155ms] [LOG] [Fast Refresh] rebuilding @ http://localhost:3000/_next/static/chunks/node_modules_%40sentry_core_build_esm_0_~40~3._.js:10515
[ 1251183ms] [LOG] [Fast Refresh] done in 129ms @ http://localhost:3000/_next/static/chunks/node_modules_%40sentry_core_build_esm_0_~40~3._.js:10515
[ 1257634ms] [LOG] [Fast Refresh] rebuilding @ http://localhost:3000/_next/static/chunks/node_modules_%40sentry_core_build_esm_0_~40~3._.js:10515
[ 1257652ms] [LOG] [Fast Refresh] done in 119ms @ http://localhost:3000/_next/static/chunks/node_modules_%40sentry_core_build_esm_0_~40~3._.js:10515
[ 1263744ms] [LOG] [Fast Refresh] rebuilding @ http://localhost:3000/_next/static/chunks/node_modules_%40sentry_core_build_esm_0_~40~3._.js:10515
[ 1263749ms] [LOG] [Fast Refresh] done in 108ms @ http://localhost:3000/_next/static/chunks/node_modules_%40sentry_core_build_esm_0_~40~3._.js:10515
[ 1320696ms] [LOG] [Fast Refresh] rebuilding @ http://localhost:3000/_next/static/chunks/node_modules_%40sentry_core_build_esm_0_~40~3._.js:10515
[ 1320728ms] [LOG] [Fast Refresh] done in 135ms @ http://localhost:3000/_next/static/chunks/node_modules_%40sentry_core_build_esm_0_~40~3._.js:10515
[ 1321538ms] [LOG] [Fast Refresh] rebuilding @ http://localhost:3000/_next/static/chunks/node_modules_%40sentry_core_build_esm_0_~40~3._.js:10515
[ 1321599ms] [LOG] [Fast Refresh] done in 163ms @ http://localhost:3000/_next/static/chunks/node_modules_%40sentry_core_build_esm_0_~40~3._.js:10515
[ 1333336ms] [LOG] [Fast Refresh] rebuilding @ http://localhost:3000/_next/static/chunks/node_modules_%40sentry_core_build_esm_0_~40~3._.js:10515
[ 1333377ms] [LOG] [Fast Refresh] done in 141ms @ http://localhost:3000/_next/static/chunks/node_modules_%40sentry_core_build_esm_0_~40~3._.js:10515
[ 2486425ms] [LOG] [Fast Refresh] rebuilding @ http://localhost:3000/_next/static/chunks/node_modules_%40sentry_core_build_esm_0_~40~3._.js:10515
[ 2486439ms] [LOG] [Fast Refresh] done in 115ms @ http://localhost:3000/_next/static/chunks/node_modules_%40sentry_core_build_esm_0_~40~3._.js:10515
[ 2489997ms] [LOG] %c[Vercel Speed Insights]%c [vitals] color: rgb(120, 120, 120) color: inherit {speed: 4g, metrics: Array(5), scriptVersion: 0.1.3, sdkName: @vercel/speed-insights/next, sdkVersion: 2.0.0} /_vercel/speed-insights/vitals @ http://localhost:3000/_next/static/chunks/node_modules_%40sentry_core_build_esm_0_~40~3._.js:10515
[ 2490000ms] [LOG] %c[Vercel Speed Insights]%c [vitals] color: rgb(120, 120, 120) color: inherit {speed: 4g, metrics: Array(1), scriptVersion: 0.1.3, sdkName: @vercel/speed-insights/next, sdkVersion: 2.0.0} /_vercel/speed-insights/vitals @ http://localhost:3000/_next/static/chunks/node_modules_%40sentry_core_build_esm_0_~40~3._.js:10515
[ 2490001ms] [ERROR] Connecting to 'https://www.google.com/g/collect?v=2&tid=G-XMWS3XFRY2&gtm=45je64s1v9249647382za200zd9249647382&_p=1777527646038&gcd=13l3l3l3l1l1&npa=0&dma=0&_eu=AAAAAAQ&are=1&cid=105747985.1777526545&frm=0&pscdl=noapi&rcb=12&sr=1470x956&uaa=arm&uab=64&uafvl=Google%2520Chrome%3B147.0.7727.117%7CNot.A%252FBrand%3B8.0.0.0%7CChromium%3B147.0.7727.117&uam=&uamb=0&uap=macOS&uapv=26.3.1&uaw=0&ul=en-us&_s=2&tag_exp=0%7E115616985%7E115938465%7E115938469%7E117266400%7E117512542%7E118128922%7E118463261&sid=1777526545&sct=1&seg=1&dl=http%3A%2F%2Flocalhost%2F&dr=http%3A%2F%2Flocalhost%3A3000%2F&dt=ETF+%E2%80%94+The+operating+system+for+athlete+transition&en=user_engagement&_et=1371968&tfd=1382656&gaf=1' violates the following Content Security Policy directive: "connect-src 'self' https://*.supabase.co https://api.stripe.com https://www.google-analytics.com https://www.googletagmanager.com https://*.ingest.us.sentry.io https://*.sentry.io https://vitals.vercel-insights.com https://va.vercel-scripts.com https://www.clarity.ms". The action has been blocked. @ http://localhost:3000/_next/static/chunks/node_modules_%40sentry_core_build_esm_0_~40~3._.js:10781
[ 2490002ms] [ERROR] Fetch API cannot load https://www.google.com/g/collect?v=2&tid=G-XMWS3XFRY2&gtm=45je64s1v9249647382za200zd9249647382&_p=1777527646038&gcd=13l3l3l3l1l1&npa=0&dma=0&_eu=AAAAAAQ&are=1&cid=105747985.1777526545&frm=0&pscdl=noapi&rcb=12&sr=1470x956&uaa=arm&uab=64&uafvl=Google%2520Chrome%3B147.0.7727.117%7CNot.A%252FBrand%3B8.0.0.0%7CChromium%3B147.0.7727.117&uam=&uamb=0&uap=macOS&uapv=26.3.1&uaw=0&ul=en-us&_s=2&tag_exp=0%7E115616985%7E115938465%7E115938469%7E117266400%7E117512542%7E118128922%7E118463261&sid=1777526545&sct=1&seg=1&dl=http%3A%2F%2Flocalhost%2F&dr=http%3A%2F%2Flocalhost%3A3000%2F&dt=ETF+%E2%80%94+The+operating+system+for+athlete+transition&en=user_engagement&_et=1371968&tfd=1382656&gaf=1. Refused to connect because it violates the document's Content Security Policy. @ http://localhost:3000/_next/static/chunks/node_modules_%40sentry_core_build_esm_0_~40~3._.js:10781
[ 2490206ms] [LOG] [Client Instrumentation Hook] Slow execution detected: 30ms (Note: Code download overhead is not included in this measurement) @ http://localhost:3000/_next/static/chunks/node_modules_%40sentry_core_build_esm_0_~40~3._.js:10515
[ 2490209ms] [INFO] %cDownload the React DevTools for a better development experience: https://react.dev/link/react-devtools font-weight:bold @ http://localhost:3000/_next/static/chunks/node_modules_%40sentry_core_build_esm_0_~40~3._.js:10515
[ 2490253ms] [LOG] [HMR] connected @ http://localhost:3000/_next/static/chunks/node_modules_%40sentry_core_build_esm_0_~40~3._.js:10515
[ 2490354ms] [LOG] %c[Vercel Web Analytics]%c Debug mode is enabled by default in development. No requests will be sent to the server. color: rgb(120, 120, 120) color: inherit @ http://localhost:3000/_next/static/chunks/node_modules_%40sentry_core_build_esm_0_~40~3._.js:10515
[ 2490354ms] [LOG] %c[Vercel Web Analytics]%c [view] http://localhost:3000/ color: rgb(120, 120, 120) color: inherit {o: http://localhost:3000/, sv: 0.1.3, sdkn: @vercel/analytics/react, sdkv: 2.0.1, ts: 1777529018415} /_vercel/insights/view @ http://localhost:3000/_next/static/chunks/node_modules_%40sentry_core_build_esm_0_~40~3._.js:10515
[ 2490367ms] [LOG] %c[Vercel Speed Insights]%c Debug mode is enabled by default in development. No requests will be sent to the server. color: rgb(120, 120, 120) color: inherit @ http://localhost:3000/_next/static/chunks/node_modules_%40sentry_core_build_esm_0_~40~3._.js:10515
[ 2490469ms] [ERROR] Warning: [antd: Button] `iconPosition` is deprecated. Please use `iconPlacement` instead. @ http://localhost:3000/_next/static/chunks/node_modules_%40sentry_core_build_esm_0_~40~3._.js:10515
[ 2490523ms] [ERROR] Loading the script 'https://scripts.clarity.ms/0.8.60-beta/clarity.js' violates the following Content Security Policy directive: "script-src 'self' 'unsafe-inline' 'unsafe-eval' https://js.stripe.com https://www.googletagmanager.com https://www.google-analytics.com https://va.vercel-scripts.com https://www.clarity.ms". Note that 'script-src-elem' was not explicitly set, so 'script-src' is used as a fallback. The action has been blocked. @ https://www.clarity.ms/tag/whmr47sylp?ref=npm:0
[ 2504390ms] [LOG] [Fast Refresh] rebuilding @ http://localhost:3000/_next/static/chunks/node_modules_%40sentry_core_build_esm_0_~40~3._.js:10515
[ 2504481ms] [LOG] [Fast Refresh] done in 197ms @ http://localhost:3000/_next/static/chunks/node_modules_%40sentry_core_build_esm_0_~40~3._.js:10515
[ 2612575ms] [LOG] [Fast Refresh] rebuilding @ http://localhost:3000/_next/static/chunks/node_modules_%40sentry_core_build_esm_0_~40~3._.js:10515
[ 2612887ms] [LOG] [Fast Refresh] done in 402ms @ http://localhost:3000/_next/static/chunks/node_modules_%40sentry_core_build_esm_0_~40~3._.js:10515
[ 2616966ms] [LOG] [Fast Refresh] rebuilding @ http://localhost:3000/_next/static/chunks/node_modules_%40sentry_core_build_esm_0_~40~3._.js:10515
[ 2616995ms] [LOG] [Fast Refresh] done in 51ms @ http://localhost:3000/_next/static/chunks/node_modules_%40sentry_core_build_esm_0_~40~3._.js:10515
[ 2625765ms] [LOG] [Fast Refresh] rebuilding @ http://localhost:3000/_next/static/chunks/node_modules_%40sentry_core_build_esm_0_~40~3._.js:10515
[ 2626173ms] [LOG] [Fast Refresh] done in 482ms @ http://localhost:3000/_next/static/chunks/node_modules_%40sentry_core_build_esm_0_~40~3._.js:10515
[ 2649420ms] [LOG] [Fast Refresh] rebuilding @ http://localhost:3000/_next/static/chunks/node_modules_%40sentry_core_build_esm_0_~40~3._.js:10515
[ 2649453ms] [LOG] [Fast Refresh] done in 134ms @ http://localhost:3000/_next/static/chunks/node_modules_%40sentry_core_build_esm_0_~40~3._.js:10515
[ 2669459ms] [LOG] [Fast Refresh] rebuilding @ http://localhost:3000/_next/static/chunks/node_modules_%40sentry_core_build_esm_0_~40~3._.js:10515
[ 2669476ms] [LOG] [Fast Refresh] done in 118ms @ http://localhost:3000/_next/static/chunks/node_modules_%40sentry_core_build_esm_0_~40~3._.js:10515
[ 2741111ms] [LOG] [Fast Refresh] rebuilding @ http://localhost:3000/_next/static/chunks/node_modules_%40sentry_core_build_esm_0_~40~3._.js:10515
[ 2741145ms] [LOG] [Fast Refresh] done in 137ms @ http://localhost:3000/_next/static/chunks/node_modules_%40sentry_core_build_esm_0_~40~3._.js:10515
[ 2765122ms] [LOG] [Fast Refresh] rebuilding @ http://localhost:3000/_next/static/chunks/node_modules_%40sentry_core_build_esm_0_~40~3._.js:10515
[ 2765138ms] [LOG] [Fast Refresh] done in 117ms @ http://localhost:3000/_next/static/chunks/node_modules_%40sentry_core_build_esm_0_~40~3._.js:10515
[ 2861117ms] [LOG] [Fast Refresh] rebuilding @ http://localhost:3000/_next/static/chunks/node_modules_%40sentry_core_build_esm_0_~40~3._.js:10515
[ 2861567ms] [LOG] [Fast Refresh] done in 552ms @ http://localhost:3000/_next/static/chunks/node_modules_%40sentry_core_build_esm_0_~40~3._.js:10515
[ 2862712ms] [LOG] [Fast Refresh] rebuilding @ http://localhost:3000/_next/static/chunks/node_modules_%40sentry_core_build_esm_0_~40~3._.js:10515
[ 2863791ms] [LOG] [Fast Refresh] done in 1181ms @ http://localhost:3000/_next/static/chunks/node_modules_%40sentry_core_build_esm_0_~40~3._.js:10515
[ 2876504ms] [LOG] [Fast Refresh] rebuilding @ http://localhost:3000/_next/static/chunks/node_modules_%40sentry_core_build_esm_0_~40~3._.js:10515
[ 2876518ms] [LOG] [Fast Refresh] done in 115ms @ http://localhost:3000/_next/static/chunks/node_modules_%40sentry_core_build_esm_0_~40~3._.js:10515
[ 5161368ms] [LOG] [Fast Refresh] rebuilding @ http://localhost:3000/_next/static/chunks/node_modules_%40sentry_core_build_esm_0_~40~3._.js:10515
[ 5165363ms] [LOG] [Fast Refresh] done in 3523ms @ http://localhost:3000/_next/static/chunks/node_modules_%40sentry_core_build_esm_0_~40~3._.js:10515
