[   19164ms] [INFO] %cDownload the React DevTools for a better development experience: https://react.dev/link/react-devtools font-weight:bold @ http://localhost:3001/_next/static/chunks/node_modules_next_dist_0nzbwyu._.js:1114
[   19202ms] [LOG] [HMR] connected @ http://localhost:3001/_next/static/chunks/node_modules_next_dist_0nzbwyu._.js:1114
[   19331ms] [LOG] %c[Vercel Web Analytics]%c Debug mode is enabled by default in development. No requests will be sent to the server. color: rgb(120, 120, 120) color: inherit @ http://localhost:3001/_next/static/chunks/node_modules_next_dist_0nzbwyu._.js:1114
[   19331ms] [LOG] %c[Vercel Web Analytics]%c [view] http://localhost:3001/ color: rgb(120, 120, 120) color: inherit {o: http://localhost:3001/, sv: 0.1.3, sdkn: @vercel/analytics/react, sdkv: 2.0.1, ts: 1777529983316} /_vercel/insights/view @ http://localhost:3001/_next/static/chunks/node_modules_next_dist_0nzbwyu._.js:1114
[   19334ms] [LOG] %c[Vercel Speed Insights]%c Debug mode is enabled by default in development. No requests will be sent to the server. color: rgb(120, 120, 120) color: inherit @ http://localhost:3001/_next/static/chunks/node_modules_next_dist_0nzbwyu._.js:1114
[  134747ms] [LOG] %c[Vercel Speed Insights]%c [vitals] color: rgb(120, 120, 120) color: inherit {speed: 4g, metrics: Array(4), scriptVersion: 0.1.3, sdkName: @vercel/speed-insights/next, sdkVersion: 2.0.0} /_vercel/speed-insights/vitals @ http://localhost:3001/_next/static/chunks/node_modules_next_dist_0nzbwyu._.js:1114
[  134761ms] [LOG] %c[Vercel Web Analytics]%c [view] http://localhost:3001/assessment color: rgb(120, 120, 120) color: inherit {o: http://localhost:3001/assessment, sv: 0.1.3, sdkn: @vercel/analytics/react, sdkv: 2.0.1, ts: 1777530098730} /_vercel/insights/view @ http://localhost:3001/_next/static/chunks/node_modules_next_dist_0nzbwyu._.js:1114
[  159290ms] [LOG] %c[Vercel Web Analytics]%c [view] http://localhost:3001/ color: rgb(120, 120, 120) color: inherit {o: http://localhost:3001/, sv: 0.1.3, sdkn: @vercel/analytics/react, sdkv: 2.0.1, ts: 1777530123269} /_vercel/insights/view @ http://localhost:3001/_next/static/chunks/node_modules_next_dist_0nzbwyu._.js:1114
[  161411ms] [LOG] %c[Vercel Web Analytics]%c [view] http://localhost:3001/assessment color: rgb(120, 120, 120) color: inherit {o: http://localhost:3001/assessment, sv: 0.1.3, sdkn: @vercel/analytics/react, sdkv: 2.0.1, ts: 1777530125373} /_vercel/insights/view @ http://localhost:3001/_next/static/chunks/node_modules_next_dist_0nzbwyu._.js:1114
[  165638ms] [LOG] [Fast Refresh] rebuilding @ http://localhost:3001/_next/static/chunks/node_modules_next_dist_0nzbwyu._.js:1114
[  167672ms] [LOG] [Fast Refresh] done in 200ms @ http://localhost:3001/_next/static/chunks/node_modules_next_dist_0nzbwyu._.js:1114
[  222641ms] [LOG] [Fast Refresh] rebuilding @ http://localhost:3001/_next/static/chunks/node_modules_next_dist_0nzbwyu._.js:1114
[  222695ms] [LOG] [Fast Refresh] done in 155ms @ http://localhost:3001/_next/static/chunks/node_modules_next_dist_0nzbwyu._.js:1114
[  222808ms] [LOG] %c[Vercel Web Analytics]%c [view] http://localhost:3001/ color: rgb(120, 120, 120) color: inherit {o: http://localhost:3001/, sv: 0.1.3, sdkn: @vercel/analytics/react, sdkv: 2.0.1, ts: 1777530186787} /_vercel/insights/view @ http://localhost:3001/_next/static/chunks/node_modules_next_dist_0nzbwyu._.js:1114
[  354067ms] [LOG] %c[Vercel Speed Insights]%c [vitals] color: rgb(120, 120, 120) color: inherit {speed: 4g, metrics: Array(1), scriptVersion: 0.1.3, sdkName: @vercel/speed-insights/next, sdkVersion: 2.0.0} /_vercel/speed-insights/vitals @ http://localhost:3001/_next/static/chunks/node_modules_next_dist_0nzbwyu._.js:1114
[  354068ms] [LOG] %c[Vercel Speed Insights]%c [vitals] color: rgb(120, 120, 120) color: inherit {speed: 4g, metrics: Array(1), scriptVersion: 0.1.3, sdkName: @vercel/speed-insights/next, sdkVersion: 2.0.0} /_vercel/speed-insights/vitals @ http://localhost:3001/_next/static/chunks/node_modules_next_dist_0nzbwyu._.js:1114
[  354340ms] [INFO] %cDownload the React DevTools for a better development experience: https://react.dev/link/react-devtools font-weight:bold @ http://localhost:3001/_next/static/chunks/node_modules_next_dist_0nzbwyu._.js:1114
[  354364ms] [LOG] [HMR] connected @ http://localhost:3001/_next/static/chunks/node_modules_next_dist_0nzbwyu._.js:1114
[  354937ms] [LOG] %c[Vercel Speed Insights]%c Debug mode is enabled by default in development. No requests will be sent to the server. color: rgb(120, 120, 120) color: inherit @ http://localhost:3001/_next/static/chunks/node_modules_next_dist_0nzbwyu._.js:1114
[  354940ms] [LOG] %c[Vercel Web Analytics]%c Debug mode is enabled by default in development. No requests will be sent to the server. color: rgb(120, 120, 120) color: inherit @ http://localhost:3001/_next/static/chunks/node_modules_next_dist_0nzbwyu._.js:1114
[  354940ms] [LOG] %c[Vercel Web Analytics]%c [view] http://localhost:3001/ color: rgb(120, 120, 120) color: inherit {o: http://localhost:3001/, sv: 0.1.3, sdkn: @vercel/analytics/react, sdkv: 2.0.1, ts: 1777530318924} /_vercel/insights/view @ http://localhost:3001/_next/static/chunks/node_modules_next_dist_0nzbwyu._.js:1114
[ 1122013ms] [LOG] [Fast Refresh] rebuilding @ http://localhost:3001/_next/static/chunks/node_modules_next_dist_0nzbwyu._.js:1114
[ 1123094ms] [LOG] [Fast Refresh] done in 827ms @ http://localhost:3001/_next/static/chunks/node_modules_next_dist_0nzbwyu._.js:1114
[ 1123214ms] [LOG] [Fast Refresh] rebuilding @ http://localhost:3001/_next/static/chunks/node_modules_next_dist_0nzbwyu._.js:1114
[ 1123349ms] [LOG] [Fast Refresh] done in 236ms @ http://localhost:3001/_next/static/chunks/node_modules_next_dist_0nzbwyu._.js:1114
[ 1123833ms] [LOG] [Fast Refresh] rebuilding @ http://localhost:3001/_next/static/chunks/node_modules_next_dist_0nzbwyu._.js:1114
[ 1123873ms] [LOG] [Fast Refresh] done in 142ms @ http://localhost:3001/_next/static/chunks/node_modules_next_dist_0nzbwyu._.js:1114
[ 1133720ms] [LOG] [Fast Refresh] rebuilding @ http://localhost:3001/_next/static/chunks/node_modules_next_dist_0nzbwyu._.js:1114
[ 1134709ms] [LOG] [Fast Refresh] done in 723ms @ http://localhost:3001/_next/static/chunks/node_modules_next_dist_0nzbwyu._.js:1114
[ 1134969ms] [LOG] [Fast Refresh] rebuilding @ http://localhost:3001/_next/static/chunks/node_modules_next_dist_0nzbwyu._.js:1114
[ 1135576ms] [LOG] [Fast Refresh] done in 709ms @ http://localhost:3001/_next/static/chunks/node_modules_next_dist_0nzbwyu._.js:1114
[ 1159536ms] [LOG] [Fast Refresh] rebuilding @ http://localhost:3001/_next/static/chunks/node_modules_next_dist_0nzbwyu._.js:1114
[ 1159565ms] [LOG] [Fast Refresh] done in 130ms @ http://localhost:3001/_next/static/chunks/node_modules_next_dist_0nzbwyu._.js:1114
[ 1777335ms] [LOG] [Fast Refresh] rebuilding @ http://localhost:3001/_next/static/chunks/node_modules_next_dist_0nzbwyu._.js:1114
[ 1779666ms] [LOG] [Fast Refresh] done in 2171ms @ http://localhost:3001/_next/static/chunks/node_modules_next_dist_0nzbwyu._.js:1114
